 gcc -g p10original.c
 gdb ./a.out
GNU gdb (Ubuntu 8.1.1-0ubuntu1) 8.1.1
Copyright (C) 2018 Free Software Foundation, Inc.
License GPLv3+: GNU GPL version 3 or later <http://gnu.org/licenses/gpl.html>
This is free software: you are free to change and redistribute it.
There is NO WARRANTY, to the extent permitted by law.  Type "show copying"
and "show warranty" for details.
This GDB was configured as "x86_64-linux-gnu".
Type "show configuration" for configuration details.
For bug reporting instructions, please see:
<http://www.gnu.org/software/gdb/bugs/>.
Find the GDB manual and other documentation resources online at:
<http://www.gnu.org/software/gdb/documentation/>.
For help, type "help".
Type "apropos word" to search for commands related to "word"...
Reading symbols from ./a.out...done.
(gdb) b main
Breakpoint 1 at 0x772: file p10original.c, line 8.
(gdb) r
Starting program: /home/runner/pps-test1-Mahagowda-46/a.out 
warning: Error disabling address space randomization: Operation not permitted

Breakpoint 1, main () at p10original.c:8
8   {
(gdb) n
11     printf("Enter a and b where a + ib is the first complex number.\n");
(gdb) n
Enter a and b where a + ib is the first complex number.
12     scanf("%d%d", &a.real, &a.img);
(gdb) n
6
8
13     printf("Enter c and d where c + id is the second complex number.\n");
(gdb) n
Enter c and d where c + id is the second complex number.
14     scanf("%d%d", &b.real, &b.img);
(gdb) n
2
5
16     c.real = a.real + b.real;
(gdb) n
17     c.img = a.img + b.img;
(gdb) n
19     printf("Sum of the complex numbers: (%d) + (%di)\n", c.real, c.img);
(gdb) n
Sum of the complex numbers: (8) + (13i)
21     return 0;
(gdb) n
