(gdb) b main
Breakpoint 1 at 0x772: file p1original.c, line 3.
(gdb) r
Starting program: /home/runner/pps-test1-Mahagowda-6/a.out 
warning: Error disabling address space randomization: Operation not permitted

Breakpoint 1, main () at p1original.c:3
3   int main(){
(gdb) n
5   printf("enter the two numners:\n");
(gdb) n
enter the two numners:
6   scanf("%d%d",&num1,&num2); 
(gdb) n

1
2
7   res=num1+num2;
(gdb) n
8   printf("addition of two number is:%d\n",res);
(gdb) n
addition of two number is:3
9   return 0;
(gdb) c
Continuing.
[Inferior 1 (process 180) exited normally]
(gdb) 