~/pps-test1-Mahagowda-1$ gcc -g p1orignal.com
gcc: error: p1orignal.com: No such file or directory
gcc: fatal error: no input files
compilation terminated.
~/pps-test1-Mahagowda-1$ gcc -g p1original.c
~/pps-test1-Mahagowda-1$ gdb a.out
GNU gdb (Ubuntu 8.1.1-0ubuntu1) 8.1.1
Copyright (C) 2018 Free Software Foundation, Inc.
License GPLv3+: GNU GPL version 3 or later <http://gnu.org/licenses/gpl.html>
This is free software: you are free to change and redistribute it.
There is NO WARRANTY, to the extent permitted by law.  Type "show copying"
and "show warranty" for details.
---Type <return> to continue, or q <return> to quit---
This GDB was configured as "x86_64-linux-gnu".
Type "show configuration" for configuration details.
For bug reporting instructions, please see:
<http://www.gnu.org/software/gdb/bugs/>.
Find the GDB manual and other documentation resources online at:
<http://www.gnu.org/software/gdb/documentation/>.
For help, type "help".
Type "apropos word" to search for commands related to "word---Type <return> to continue, or q <return> to quit---
"...
Reading symbols from a.out...done.
(gdb) 
(gdb) b main
Breakpoint 1 at 0x722: file p1original.c, line 3.
(gdb) r
Starting program: /home/runner/pps-test1-Mahagowda-1/a.out 
warning: Error disabling address space randomization: Operation not permitted

Breakpoint 1, main () at p1original.c:3
3   int main(){
(gdb) n
5   printf("\nenter the two numners:");
(gdb) n

6   scanf("%d%d",&num1,&num2); 
(gdb) n
enter the two numners:1 2
7   res=num1+num2;
(gdb) p num1
$1 = 1
(gdb) p num2
$2 = 2
(gdb) n
8   printf("addition of two number is:%d",res);
(gdb) p res
$3 = 3
(gdb) quit
A debugging session is active.

    Inferior 1 [process 147] will be killed.

Quit anyway? (y or n) y
~/pps-test1-Mahagowda-1$ gcc -g p1original.c
~/pps-test1-Mahagowda-1$ gdb a.out
GNU gdb (Ubuntu 8.1.1-0ubuntu1) 8.1.1
Copyright (C) 2018 Free Software Foundation, Inc.
License GPLv3+: GNU GPL version 3 or later <http://gnu.org/licenses/gpl.html>
This is free software: you are free to change and redistribute it.
There is NO WARRANTY, to the extent permitted by law.  Type "show copying"
and "show warranty" for details.
This GDB was configured as "x86_64-linux-gnu".
Type "show configuration" for configuration details.
For bug reporting instructions, please see:
<http://www.gnu.org/software/gdb/bugs/>.
---Type <return> to continue, or q <return> to quit---
Find the GDB manual and other documentation resources online at:
<http://www.gnu.org/software/gdb/documentation/>.
For help, type "help".
Type "apropos word" to search for commands related to "word"...
Reading symbols from a.out...done.
(gdb) b main
Breakpoint 1 at 0x772: file p1original.c, line 3.
(gdb) r
Starting program: /home/runner/pps-test1-Mahagowda-1/a.out 
warning: Error disabling address space randomization: Operation not permitted

Breakpoint 1, main () at p1original.c:3
3   int main(){
(gdb) n
5   printf("enter the two numners:\n");
(gdb) n
enter the two numners:
6   scanf("%d%d",&num1,&num2); 
(gdb) n
1 2
7   res=num1+num2;
(gdb) p num1
$1 = 1
(gdb) p num2
$2 = 2
(gdb) n
8   printf("addition of two number is:%d\n",res);
(gdb) p res
$3 = 3
(gdb) n
addition of two number is:3
9   return 0;
(gdb) c
Continuing.
[Inferior 1 (process 161) exited normally]
(gdb) 