(gdb) b main
Breakpoint 1 at 0x7b1: file p3original.c, line 20.
(gdb) r
Starting program: /home/runner/pps-test1-Mahagowda-9/a.out 
warning: Error disabling address space randomization: Operation not permitted

Breakpoint 1, main () at p3original.c:20
20  {
(gdb) n
22    input(&a,&b);
(gdb)  n
enter the number:4
7
23    add(a,b,&sum);
(gdb) n
24    output(a,b,sum);
(gdb) 
sum of 4+7 is 11
25    return 0;
(gdb) c
Continuing.
[Inferior 1 (process 324) exited normally]
(gdb) 